export type ScalarField = {|
  +id: string,
  +name: ?string,
  +websites: ?$ReadOnlyArray<?string>,
  +traits: ?$ReadOnlyArray<?('CHEERFUL' | 'DERISIVE' | 'HELPFUL' | 'SNARKY' | '%future added value')>,
  +aliasedLinkedField: ?{|
    +aliasedField: ?number,
  |},
  +screennames: ?$ReadOnlyArray<?{|
    +name: ?string,
    +service: ?string,
  |}>,
|};
