query NodeQuery(
  $id: ID!
  $orderBy: String
  $traits: [PersonalityTraits]
) {
  node(id: $id) {
    id
    ... on Story {
      comments(first: 10, orderby: $orderBy) @__clientField(handle: "connection", key: "NodeQuery_comments", filters: ["orderby"]) {
        edges {
          node {
            actor {
              name
              friends(first: 10, isViewerFriend: true, traits: $traits) @__clientField(handle: "connection", key: "NodeQuery_friends", filters: ["isViewerFriend","traits"]) {
                edges {
                  node {
                    name
                  }
                }
              }
            }
          }
        }
      }
    }
  }
}
# Metadata:
{
  "connection": [
    {
      "path": null,
      "direction": "forward"
    },
    {
      "path": [
        "node",
        "comments"
      ],
      "direction": "forward"
    }
  ]
}
