/**
 * Copyright 2004-present Facebook. All Rights Reserved.
 *
 * @providesModule CompatProfile
 */

'use strict';

const RelayCompatContainer = require('RelayCompatContainer');
const graphql = require('graphql');

const CompatProfilePic = () => null;

module.exports = RelayCompatContainer.createContainer(CompatProfilePic, {
  user: {
    modern: function () {
      return require('./__generated__/CompatProfile_user.graphql');
    },
    classic: function () {
      const RelayQL_GENERATED = require('react-relay/classic').QL;

      return {
        kind: 'FragmentDefinition',
        argumentDefinitions: [{
          defaultValue: null,
          kind: 'LocalArgument',
          name: 'scale'
        }],
        node: RelayQL_GENERATED`fragment CompatProfile_user on User {
  profile_picture(scale: $scale) {
    uri
  }
}`
      };
    }
  },
  user2: {
    modern: function () {
      return require('./__generated__/CompatProfile_user2.graphql');
    },
    classic: function () {
      const RelayQL_GENERATED = require('react-relay/classic').QL;

      return {
        kind: 'FragmentDefinition',
        argumentDefinitions: [{
          defaultValue: null,
          kind: 'LocalArgument',
          name: 'scale'
        }],
        node: RelayQL_GENERATED`fragment CompatProfile_user2 on User {
  profile_picture(scale: $scale) {
    uri
  }
}`
      };
    }
  }
});
