/**
 * Copyright 2004-present Facebook. All Rights Reserved.
 *
 * @providesModule RefetchExample
 */

const React = require('React');
const { createRefetchContainer, graphql } = require('Relay');

class RefetchExample extends React.Component {
  render() {
    return <div>{this.props.user.name}</div>;
  }
}

module.exports = createRefetchContainer(RefetchExample, {
  user: {
    modern: function () {
      return require('./__generated__/RefetchExample_user.graphql');
    },
    classic: function () {
      const RelayQL_GENERATED = require('react-relay/classic').QL;

      return {
        kind: 'FragmentDefinition',
        argumentDefinitions: [],
        node: RelayQL_GENERATED`fragment RefetchExample_user on User {
  name
}`
      };
    }
  }
}, {
  modern: function () {
    return require('./__generated__/RefetchExampleRefetchQuery.graphql');
  },
  classic: function () {
    const RelayQL_GENERATED = require('react-relay/classic').QL,
          RefetchExample_user = (RefetchExample.__container__ || RefetchExample).getFragment('user');

    return {
      kind: 'OperationDefinition',
      argumentDefinitions: [],
      name: 'RefetchExampleRefetchQuery',
      operation: 'query',
      node: RelayQL_GENERATED`fragment RefetchExampleRefetchQuery on Query {
  viewer {
    actor {
      ...RefetchExample_user
    }
  }
}`
    };
  }
});
