/**
 * Copyright 2004-present Facebook. All Rights Reserved.
 *
 * @providesModule CompatProfile
 */

'use strict';

const CompatProfilePic = require('CompatProfilePic');
const RelayCompatContainer = require('RelayCompatContainer');
const graphql = require('graphql');

const CompatProfile = () => null;

module.exports = RelayCompatContainer.createContainer(CompatProfile, {
  user: {
    modern: function () {
      return require('./__generated__/CompatProfile_user.graphql');
    },
    classic: function () {
      const RelayQL_GENERATED = require('RelayQL_GENERATED'),
            CompatProfilePic_user = CompatProfilePic.getFragment('user');

      return {
        kind: 'FragmentDefinition',
        argumentDefinitions: [],
        node: RelayQL_GENERATED`fragment CompatProfile_user on User {
  name
  ...CompatProfilePic_user
}`
      };
    }
  }
});
