/**
 * Copyright 2004-present Facebook. All Rights Reserved.
 *
 * @providesModule SomeTopLevelView
 */

'use strict';

var _graphql2;

const ProfilePic = require('ProfilePic');

function SomeTopLevelView() {
  let _graphql = 'unrelated';

  return <View>
      <QueryRenderer environment={RelayStore} query={_graphql2 || (_graphql2 = {
      modern: function () {
        return require('ExampleQuery.graphql');
      },
      classic: function () {
        const RelayQL_GENERATED = require('RelayQL_GENERATED'),
              ProfilePic_user = ProfilePic.getFragment('user');

        return {
          kind: 'OperationDefinition',
          argumentDefinitions: [{
            defaultValue: null,
            kind: 'LocalArgument',
            name: 'id'
          }],
          name: 'ExampleQuery',
          operation: 'query',
          node: RelayQL_GENERATED`fragment ExampleQuery on Query {
  node(id: $id) {
    ...ProfilePic_user
  }
}`
        };
      }
    })} variables={{ id: '12345' }} />
    </View>;
}
