/**
 * Copyright 2004-present Facebook. All Rights Reserved.
 *
 * @providesModule Compat
 */

'use strict';

const graphql = require('graphql');
const CompatProfilePic = require('CompatProfilePic');

const CompatCommentCreateMutation = {
  modern: function () {
    return require('./__generated__/CompatCommentCreateMutation.graphql');
  },
  classic: function () {
    const RelayQL_GENERATED = require('react-relay/classic').QL,
          CompatProfilePic_user = CompatProfilePic.getFragment('user');

    return {
      kind: 'OperationDefinition',
      argumentDefinitions: [{
        defaultValue: null,
        kind: 'LocalArgument',
        name: 'input'
      }],
      name: 'CompatCommentCreateMutation',
      operation: 'mutation',
      node: RelayQL_GENERATED`mutation CompatCommentCreateMutation($input: CommentCreateInput!) {
  commentCreate(input: $input) {
    viewer {
      actor {
        id
        ...CompatProfilePic_user
      }
    }
  }
}`
    };
  }
};
