/**
 * Copyright 2004-present Facebook. All Rights Reserved.
 *
 * @providesModule CompatProfile
 */

'use strict';

const RelayCompatContainer = require('RelayCompatContainer');
const graphql = require('graphql');

const CompatProfile = () => null;

module.exports = RelayCompatContainer.createContainer(CompatProfile, {
  data: {
    modern: function () {
      return require('./__generated__/CompatProfile.graphql');
    },
    classic: function () {
      const RelayQL_GENERATED = require('react-relay/classic').QL;

      return {
        kind: 'FragmentDefinition',
        argumentDefinitions: [],
        node: RelayQL_GENERATED`fragment CompatProfile on User {
  name
}`
      };
    }
  },
  viewer: {
    modern: function () {
      return require('./__generated__/CompatProfile_viewer.graphql');
    },
    classic: function () {
      const RelayQL_GENERATED = require('react-relay/classic').QL;

      return {
        kind: 'FragmentDefinition',
        argumentDefinitions: [],
        node: RelayQL_GENERATED`fragment CompatProfile_viewer on User {
  name
}`
      };
    }
  }
});
