'use strict';

var Relay = require('react-relay');
var x = 'Just a template string.';