/**
 * Copyright 2004-present Facebook. All Rights Reserved.
 *
 * @providesModule ReferenceStory
 */

'use strict';

const { graphql } = require('Relay');

module.exports = {
  story: function () {
    return require('ReferenceStory_story.graphql');
  }
};
