/**
 * Copyright 2004-present Facebook. All Rights Reserved.
 *
 * @providesModule CompatStory
 */

'use strict';

var _graphql;

const { createFragmentContainer, graphql } = require('Relay');
const React = require('React');
const CompatProfilePic = require('CompatProfilePic');

class CompatStory extends React.Component {
  render() {
    return <div>
      <CompatProfilePic user={this.props.story.actor} />
      {this.props.story.message}
    </div>;
  }

  doSomething() {
    commitMutation(this.props.relay, _graphql || (_graphql = function () {
      return require('./__generated__/LikeStory.graphql');
    }), { id: 123 });
  }
}

module.exports = createFragmentContainer(CompatStory, {
  story: function () {
    return require('./__generated__/CompatStory_story.graphql');
  }
});
