// Jest Snapshot v1, https://goo.gl/fbAQLP

exports[`StripUnusedVariablesTransform matches expected output: kitchen-sink.graphql 1`] = `
~~~~~~~~~~ INPUT ~~~~~~~~~~
fragment TestFragment on Actor {
  id @skip(if: $usedInDirective)
}

query TestQuery(
  $unusedFirst: Boolean!
  $unusedShared: Boolean!
  $usedInDirective: Boolean!
  $usedInCall: ID!
  $usedInTestQuery2: Boolean!
) {
  node(id: $usedInCall) {
    ...TestFragment
  }
}

query TestQuery2(
  $unusedSecond: Boolean!
  $unusedShared: Boolean!
  $usedInDirective: Boolean!
  $usedInCall: ID!
  $usedInTestQuery2: Boolean!
) {
  node(id: 4) {
    ... on Actor {
      id @skip(if: $usedInTestQuery2)
    }
  }
}

~~~~~~~~~~ OUTPUT ~~~~~~~~~~
fragment TestFragment on Actor {
  id @skip(if: $usedInDirective)
}

query TestQuery(
  $usedInDirective: Boolean!
  $usedInCall: ID!
) {
  node(id: $usedInCall) {
    ...TestFragment
  }
}

query TestQuery2(
  $usedInTestQuery2: Boolean!
) {
  node(id: 4) {
    ... on Actor {
      id @skip(if: $usedInTestQuery2)
    }
  }
}

`;
